// Jest Snapshot v1, https://goo.gl/fbAQLP

exports[`components/Chip Test Suite matches snapshot 1`] = `
<span
  className="sc-AxjAm bUDpmk"
  color="#757575"
  fontSize={12}
  fontWeight="semiBold"
>
  Chip Component
</span>
`;
