// Jest Snapshot v1, https://goo.gl/fbAQLP

exports[`components/Heading Test Suite matches snapshot 1`] = `
<span
  className="sc-AxjAm sc-AxirZ FxUuo"
>
  Heading Component
</span>
`;
