// Jest Snapshot v1, https://goo.gl/fbAQLP

exports[`components/Footer Test Suite matches snapshot 1`] = `
<footer
  className="sc-AxjAm hiAgES"
>
  <a
    className="sc-AxjAm sc-AxirZ cZNOyj"
    href="https://test-repository/tree/3.16.120"
    onClick={[Function]}
    rel="noopener noreferrer"
    target="_blank"
  >
    v3.16.120 - source code
  </a>
  <div
    className="sc-AxjAm iIgCKo"
    color="gray"
    fontSize={14}
  >
    licensed under the Test-Licence license
  </div>
</footer>
`;
