// Jest Snapshot v1, https://goo.gl/fbAQLP

exports[`components/common/Code/Inline Test Suite matches snapshot 1`] = `
<code
  className="sc-AxjAm cickXv"
  color="white"
  display="inline-flex"
  fontSize={16}
>
  InlineCode Component
</code>
`;
