// Jest Snapshot v1, https://goo.gl/fbAQLP

exports[`components/Paragraph Test Suite matches snapshot 1`] = `
<p
  className="sc-AxjAm kNKMJl"
  fontSize={20}
>
  Paragraph Component
</p>
`;
