// Jest Snapshot v1, https://goo.gl/fbAQLP

exports[`components/widgets/Chip Test Suite matches snapshot 1`] = `
<span
  className="sc-htpNat cTGVaf"
  color="#757575"
  fontSize={12}
  fontWeight="semi-bold"
>
  Chip Component
</span>
`;
