// Jest Snapshot v1, https://goo.gl/fbAQLP

exports[`components/widgets/Link Test Suite matches snapshot 1`] = `
<a
  className="sc-bdVaJa sc-bwzfXH fVKJCI"
  href="/test-page"
  variant="underlined"
>
  Link Component
</a>
`;
