// Jest Snapshot v1, https://goo.gl/fbAQLP

exports[`components/core/Header Test Suite matches snapshot 1`] = `
<header
  className="sc-AxjAm ceTnwe"
  display="flex"
>
  <a
    className="sc-AxjAm sc-AxhUy ghFdRF"
    href="/about-me"
    target="_blank"
  >
    <div
      className="sc-AxhCb eYhTuB gatsby-image-wrapper"
      style={
        Object {
          "display": "inline-block",
          "height": undefined,
          "overflow": "hidden",
          "position": "relative",
          "width": undefined,
        }
      }
    >
      <img
        alt=""
        aria-hidden={true}
        src="data:image/png;base64"
        style={
          Object {
            "height": 80,
            "left": 0,
            "objectFit": "cover",
            "objectPosition": "center",
            "opacity": 1,
            "position": "absolute",
            "top": 0,
            "transitionDelay": "500ms",
            "width": 80,
          }
        }
      />
      <picture>
        <source
          srcSet="/static/89ee547c5db6cbf9b37a682e8b3f3f57/8b091/profile-pic.png 1x,
/static/89ee547c5db6cbf9b37a682e8b3f3f57/1e576/profile-pic.png 1.5x,
/static/89ee547c5db6cbf9b37a682e8b3f3f57/6cb10/profile-pic.png 2x"
        />
        <img
          alt=""
          loading="lazy"
          onLoad={[Function]}
          src="/static/89ee547c5db6cbf9b37a682e8b3f3f57/8b091/profile-pic.png"
          srcSet="/static/89ee547c5db6cbf9b37a682e8b3f3f57/8b091/profile-pic.png 1x,
/static/89ee547c5db6cbf9b37a682e8b3f3f57/1e576/profile-pic.png 1.5x,
/static/89ee547c5db6cbf9b37a682e8b3f3f57/6cb10/profile-pic.png 2x"
          style={
            Object {
              "height": 80,
              "left": 0,
              "objectFit": "cover",
              "objectPosition": "center",
              "opacity": 0,
              "position": "absolute",
              "top": 0,
              "transition": "opacity 500ms",
              "width": 80,
            }
          }
        />
      </picture>
      <noscript
        dangerouslySetInnerHTML={
          Object {
            "__html": "<picture><source srcset=\\"/static/89ee547c5db6cbf9b37a682e8b3f3f57/8b091/profile-pic.png 1x,
/static/89ee547c5db6cbf9b37a682e8b3f3f57/1e576/profile-pic.png 1.5x,
/static/89ee547c5db6cbf9b37a682e8b3f3f57/6cb10/profile-pic.png 2x\\" /><img loading=\\"lazy\\" srcset=\\"/static/89ee547c5db6cbf9b37a682e8b3f3f57/8b091/profile-pic.png 1x,
/static/89ee547c5db6cbf9b37a682e8b3f3f57/1e576/profile-pic.png 1.5x,
/static/89ee547c5db6cbf9b37a682e8b3f3f57/6cb10/profile-pic.png 2x\\" src=\\"/static/89ee547c5db6cbf9b37a682e8b3f3f57/8b091/profile-pic.png\\" alt=\\"\\" style=\\"position:absolute;top:0;left:0;opacity:1;width:100%;height:100%;object-fit:cover;object-position:center\\"/></picture>",
          }
        }
      />
    </div>
    <div
      className="sc-AxjAm inuzPJ"
      display="flex"
    >
      <span
        className="sc-AxirZ sc-AxiKw ebUoHp"
        color="primary"
        fontWeight="bold"
        letterSpacing={-1}
      >
        Jeremie Rodriguez
      </span>
      <span
        className="sc-AxirZ sc-AxiKw bHICOK"
        fontWeight="semi-bold"
      >
        Full Stack Engineer
      </span>
    </div>
  </a>
  <nav
    className="sc-AxjAm fbAfJg"
    display="flex"
  >
    <div
      className="sc-AxjAm gqPulF"
      display="flex"
    >
      <a
        className="sc-AxjAm sc-AxhUy iRGypK"
        href="/"
        target="_blank"
      >
        <svg
          className="sc-AxgMl fvMXKT"
          fill="#262626"
          viewBox="0 0 24 24"
          xmlns="http://www.w3.org/2000/svg"
        />
        Test
      </a>
    </div>
    <div
      className="sc-AxjAm gqPulF"
      display="flex"
    >
      <a
        className="sc-AxjAm sc-AxhUy iRGypK"
        onClick={[Function]}
        rel="noopener noreferrer"
        target="_blank"
      >
        <svg
          className="sc-AxgMl fvMXKT sc-AxgMl fvMXKT"
          viewBox="0 0 24 24"
          xmlns="http://www.w3.org/2000/svg"
        >
          <path
            d="M0 0h24v24H0z"
            fill="none"
          />
          <path
            d="M14 2H6c-1.1 0-1.99.9-1.99 2L4 20c0 1.1.89 2 1.99 2H18c1.1 0 2-.9 2-2V8l-6-6zm2 16H8v-2h8v2zm0-4H8v-2h8v2zm-3-5V3.5L18.5 9H13z"
            fill="#262626"
          />
        </svg>
        Resume
      </a>
    </div>
  </nav>
</header>
`;
