// Jest Snapshot v1, https://goo.gl/fbAQLP

exports[`components/Anchor Test Suite matches snapshot 1`] = `
<a
  className="sc-AxjAm sc-AxirZ dWhqPI"
  fontWeight="semiBold"
  target="_blank"
>
  Anchor Component
</a>
`;
