// Jest Snapshot v1, https://goo.gl/fbAQLP

exports[`components/common/Link Test Suite matches snapshot 1`] = `
<a
  className="sc-AxjAm sc-AxirZ hxIDIi"
  href="/test-page"
  target="_blank"
  variant="underlined"
>
  Link Component
</a>
`;
