// Jest Snapshot v1, https://goo.gl/fbAQLP

exports[`components/Header/Navigation Test Suite matches snapshot 1`] = `
<nav
  className="sc-AxjAm fbAfJg"
  display="flex"
>
  <div
    className="sc-AxjAm gqPulF"
    display="flex"
  >
    <a
      aria-label="Go to Test page"
      className="sc-AxjAm sc-AxirZ hhsOLh"
      href="/"
      target="_blank"
    >
      <svg
        className="sc-AxiKw jLREbQ"
        fill="#262626"
        viewBox="0 0 24 24"
        xmlns="http://www.w3.org/2000/svg"
      />
      Test
    </a>
  </div>
  <div
    className="sc-AxjAm gqPulF"
    display="flex"
  >
    <a
      className="sc-AxjAm sc-AxirZ hhsOLh"
      href="https://fake/resume-file.pdf"
      onClick={[Function]}
      rel="noopener noreferrer"
      target="_blank"
    >
      <svg
        className="sc-AxiKw jLREbQ sc-AxiKw jLREbQ"
        viewBox="0 0 24 24"
        xmlns="http://www.w3.org/2000/svg"
      >
        <path
          d="M0 0h24v24H0z"
          fill="none"
        />
        <path
          d="M14 2H6c-1.1 0-1.99.9-1.99 2L4 20c0 1.1.89 2 1.99 2H18c1.1 0 2-.9 2-2V8l-6-6zm2 16H8v-2h8v2zm0-4H8v-2h8v2zm-3-5V3.5L18.5 9H13z"
          fill="#262626"
        />
      </svg>
      Resume
    </a>
  </div>
</nav>
`;
