// Jest Snapshot v1, https://goo.gl/fbAQLP

exports[`components/widgets/Heading Test Suite matches snapshot 1`] = `
<h1
  className="sc-bdVaJa sc-bwzfXH ciIrmy"
>
  Heading Component
</h1>
`;
