// Jest Snapshot v1, https://goo.gl/fbAQLP

exports[`components/primitives/Text Test Suite matches snapshot 1`] = `
<span
  className="sc-bdVaJa ibTDPh"
>
  Text Component
</span>
`;
