// Jest Snapshot v1, https://goo.gl/fbAQLP

exports[`components/widgets/Code/Block Test Suite matches snapshot 1`] = `
<code
  className="sc-AxjAm heGFLs"
  fontSize={16}
>
  BlockCode Component
</code>
`;
