// Jest Snapshot v1, https://goo.gl/fbAQLP

exports[`components/primitives/Flex Test Suite matches snapshot 1`] = `
<div
  className="sc-bdVaJa cLjUOW"
  display="flex"
>
  Flex Component
</div>
`;
