// Jest Snapshot v1, https://goo.gl/fbAQLP

exports[`components/core/ThemingManager Test Suite matches snapshot 1`] = `"ThemingManager Component"`;
