// Jest Snapshot v1, https://goo.gl/fbAQLP

exports[`components/widgets/List Test Suite matches snapshot 1`] = `
<ul
  className="sc-AykKC sc-AykKE jhrrfD"
>
  <label
    className="sc-AykKD bSeRXq"
    color="secondary"
    display="block"
    fontSize={32}
    fontWeight="semi-bold"
  >
    List Label
  </label>
  <li
    className="sc-AykKC ikGVWR"
    display="flex"
    fontSize={24}
    fontWeight="semi-bold"
  >
    List Item 0
  </li>
  <li
    className="sc-AykKC ikGVWR"
    display="flex"
    fontSize={24}
    fontWeight="semi-bold"
  >
    List Item 1
  </li>
</ul>
`;
