// Jest Snapshot v1, https://goo.gl/fbAQLP

exports[`components/Layout/Content Test Suite matches snapshot 1`] = `
Array [
  <span
    className="sc-AxjAm sc-AxirZ iFVgsB"
  >
    SEO Test
  </span>,
  <article
    className="sc-AxiKw cBoXSN"
  >
    Content Component
  </article>,
]
`;
