// Jest Snapshot v1, https://goo.gl/fbAQLP

exports[`components/Layout/Content Test Suite matches snapshot 1`] = `
Array [
  <h1
    className="sc-AxjAm sc-AxirZ PKVbC"
  >
    SEO Test
  </h1>,
  <article
    className="sc-AxiKw drmXOs"
  >
    Content Component
  </article>,
]
`;
