// Jest Snapshot v1, https://goo.gl/fbAQLP

exports[`components/InstallPWA Test Suite matches snapshot 1`] = `
<div
  className="sc-AykKC jqflLh sc-AykKG gPESru"
  display="flex"
  width={
    Object {
      "mobileL": 256,
    }
  }
>
  <div
    className="sc-AykKC cHQUle"
    display="flex"
  >
    <button
      className="sc-AykKF jXEPwR"
      onClick={[Function]}
    >
      <div
        className=" gatsby-image-wrapper"
        style={
          Object {
            "display": "inline-block",
            "height": undefined,
            "overflow": "hidden",
            "position": "relative",
            "width": undefined,
          }
        }
      >
        <img
          alt=""
          aria-hidden={true}
          src="data:image/png;base64"
          style={
            Object {
              "height": 32,
              "left": 0,
              "objectFit": "cover",
              "objectPosition": "center",
              "opacity": 1,
              "position": "absolute",
              "top": 0,
              "transitionDelay": "500ms",
              "width": 32,
            }
          }
        />
        <picture>
          <source
            srcSet=""
          />
          <img
            alt=""
            loading="lazy"
            onLoad={[Function]}
            src=""
            srcSet=""
            style={
              Object {
                "height": 32,
                "left": 0,
                "objectFit": "cover",
                "objectPosition": "center",
                "opacity": 0,
                "position": "absolute",
                "top": 0,
                "transition": "opacity 500ms",
                "width": 32,
              }
            }
          />
        </picture>
        <noscript
          dangerouslySetInnerHTML={
            Object {
              "__html": "<picture><source srcset=\\"\\" /><img loading=\\"lazy\\" src=\\"\\" alt=\\"\\" style=\\"position:absolute;top:0;left:0;opacity:1;width:100%;height:100%;object-fit:cover;object-position:center\\"/></picture>",
            }
          }
        />
      </div>
      <span
        className="sc-AykKD jjaliH"
        fontSize={18}
      >
        Install App
      </span>
      <svg
        className="sc-AykKE dOqYrG"
        height={24}
        viewBox="0 0 24 24"
        width={24}
        xmlns="http://www.w3.org/2000/svg"
      >
        <path
          d="M0 0h24v24H0V0z"
          fill="none"
        />
        <path
          d="M18 1.01L8 1c-1.1 0-2 .9-2 2v3h2V5h10v14H8v-1H6v3c0 1.1.9 2 2 2h10c1.1 0 2-.9 2-2V3c0-1.1-.9-1.99-2-1.99zM10 15h2V8H5v2h3.59L3 15.59 4.41 17 10 11.41z"
          fill="white"
        />
        <path
          d="M0 0h24v24H0V0z"
          fill="none"
        />
      </svg>
    </button>
  </div>
  <button
    className="sc-AykKF iAjbny"
    onClick={[Function]}
  >
    <svg
      className="sc-AykKE QaHlM"
      height={32}
      viewBox="0 0 24 24"
      width={32}
      xmlns="http://www.w3.org/2000/svg"
    >
      <path
        d="M19 6.41L17.59 5 12 10.59 6.41 5 5 6.41 10.59 12 5 17.59 6.41 19 12 13.41 17.59 19 19 17.59 13.41 12z"
        fill="white"
      />
      <path
        d="M0 0h24v24H0z"
        fill="none"
      />
    </svg>
  </button>
</div>
`;
