// Jest Snapshot v1, https://goo.gl/fbAQLP

exports[`components/svg Test Suite contacts Test Suite Email Test Suite matches snapshot 1`] = `
<svg
  className="sc-AxjAm lhDQpH"
  viewBox="0 0 512 512"
  xmlns="http://www.w3.org/2000/svg"
>
  <circle
    cx="256"
    cy="256"
    fill="white"
    r="224"
  />
  <path
    d="M257 210c-24.814 0-45 20.186-45 45s20.186 45 45 45 45-20.186 45-45-20.186-45-45-45z"
  />
  <path
    d="M255 0C114.39 0 0 114.39 0 255s114.39 257 255 257 257-116.39 257-257S395.61 0 255 0zm107 330c-20.273 0-38.152-10.161-49.017-25.596C299.23 319.971 279.354 330 257 330c-41.353 0-75-33.647-75-75s33.647-75 75-75c16.948 0 32.426 5.865 45 15.383V195c0-8.291 6.709-15 15-15s15 6.709 15 15v75c0 16.538 13.462 30 30 30s30-13.462 30-30c0-100.391-66.432-150-135-150-74.443 0-135 60.557-135 135s60.557 135 135 135c30 0 58.374-9.609 82.061-27.803 15.822-12.078 33.94 11.765 18.281 23.789C328.353 408.237 293.665 420 257 420c-90.981 0-165-74.019-165-165S166.019 90 257 90c82.897 0 165 61.135 165 180 0 33.091-26.909 60-60 60z"
  />
</svg>
`;

exports[`components/svg Test Suite contacts Test Suite Facebook Test Suite matches snapshot 1`] = `
<svg
  className="sc-AxjAm lhDQpH"
  viewBox="0 0 512 512"
  xmlns="http://www.w3.org/2000/svg"
>
  <circle
    cx="256"
    cy="270"
    fill="white"
    r="228"
  />
  <path
    d="M512 256C512 114.6 397.4 0 256 0S0 114.6 0 256s114.6 256 256 256c1.5 0 3 0 4.5-.1V312.7h-55v-64.1h55v-47.2c0-54.7 33.4-84.5 82.2-84.5 23.4 0 43.5 1.7 49.3 2.5v57.2h-33.6c-26.5 0-31.7 12.6-31.7 31.1v40.8h63.5l-8.3 64.1h-55.2v189.5C433.7 471.4 512 372.9 512 256z"
  />
</svg>
`;

exports[`components/svg Test Suite contacts Test Suite GitHub Test Suite matches snapshot 1`] = `
<svg
  className="sc-AxjAm lhDQpH"
  viewBox="0 0 512 512"
  xmlns="http://www.w3.org/2000/svg"
>
  <circle
    cx="256"
    cy="290"
    fill="white"
    r="228"
  />
  <path
    d="M343.718 509.152c-2.493.922-5.001 2.036-7.567 2.497-9.829 1.799-16.12-3.404-16.178-13.705-.13-19.132-.13-38.233.174-57.365.319-22-.174-43.718-16.512-61.869 9.713-1.783 18.353-3.032 26.804-5.024 55.986-13.185 85.067-49.397 88.778-109.497 1.899-30.592-3.421-58.657-23.253-82.754-1.435-1.694-1.507-5.544-.826-8.012 5.277-19.92 3.74-39.378-2.406-58.851-1.523-4.861-4.045-6.362-8.727-6.05-16.44.936-31.502 6.853-44.78 15.95-12.801 8.815-24.718 10.733-39.925 7.165-33.487-7.745-67.192-5.485-100.607 2.453-3.783.921-8.872-.312-12.336-2.393-15.686-9.425-31.371-18.582-49.463-22.239-13.99-2.794-15.207-2.08-18.918 11.788-4.668 17.482-5.132 34.978-.363 52.563.682 2.557-.029 6.66-1.696 8.548-37.068 42.41-23.644 122.548 1.334 153.245 19.425 23.843 45.23 34.576 73.875 40.15 5.001.952 9.974 1.68 14.975 2.572-4.29 11.446-8.147 22.253-12.51 32.882-.856 2.051-3.567 3.775-5.785 4.638-28.094 11.178-52.246 2.958-68.323-23.19-8.596-13.944-19.628-24.364-36.067-27.382-.522-.104-1.059-.386-1.537-.312-4.421 1.19-8.8 2.438-13.206 3.657 2.478 3.538 4.233 8.295 7.552 10.42 13.932 9.038 22.992 21.927 28.98 37.134 9.408 23.843 27.673 34.472 51.404 36.553 11.583.966 23.282.149 35.967.149 0 14.805.522 31.707-.218 48.534-.377 9.068-9.263 12.695-19.904 8.979-28.225-9.9-54.391-24.097-76.992-44.046C13.861 394.26-17.598 303.136 9.526 196.48 36.562 90.163 107.031 24.95 212.393 4.48c145.793-28.274 283.903 80.598 298.37 232.357 11.424 119.634-57.247 231.583-167.045 272.314zM206.275 377.759c-.087.208-.145.357-.232.565.261.045.522.09.797.134.203.015.377.386-.565-.699zm-65.96 47.286c2.276 1.442 4.45 3.27 6.915 4.058.899.298 2.566-1.798 5.509-4.028-4.088-1.59-6.495-2.988-9.032-3.345-.985-.119-2.261 2.156-3.392 3.315zm20.774 3.657c.333 1.56 3.363 3.508 5.146 3.478 1.725-.03 3.407-2.378 5.132-3.716-1.566-1.472-3.131-2.899-7.944-7.343-1.044 3.092-2.769 5.589-2.334 7.58zm25.485-6.288c-2.145.52-3.957 2.557-5.915 3.954 1.146 1.487 2.29 2.869 4.132 5.203 2.537-2.379 4.262-4.029 6.002-5.634-1.45-1.293-3.146-3.79-4.219-3.523zm-63.176-8.815c1.188 2.304 3.03 4.296 5.523 7.551 1.667-2.794 3.479-4.935 3.16-5.366-1.58-2.126-3.726-3.865-5.842-5.455-.145-.12-3.088 2.764-2.841 3.27z"
  />
</svg>
`;

exports[`components/svg Test Suite contacts Test Suite GitLab Test Suite matches snapshot 1`] = `
<svg
  className="sc-AxjAm lhDQpH"
  viewBox="0 0 512 512"
  xmlns="http://www.w3.org/2000/svg"
>
  <circle
    cx="256"
    cy="256"
    fill="white"
    r="224"
  />
  <path
    d="M256 0A256 256 0 000 256a256 256 0 00256 256 256 256 0 00256-256A256 256 0 00256 0zm109.32422 94.802734c2.76229-.113738 5.58539 1.416019 6.61914 4.597657l38.81641 119.460939 19.58593 60.27344-.00195.00195a13.323818 13.323818 0 01-4.8457 14.91797L255.99414 417.20312 86.488281 294.04883c-.946726-.68776-1.754552-1.51184-2.478515-2.39453a13.309895 13.309895 0 01-2.365235-12.51953l11.382813-35.01758 8.203126-25.25 38.81445-119.455081a6.5045845 6.5045845 0 011.54883-2.490234c2.49213-2.639698 6.74639-2.677427 9.35547-.199219.2506.23947.53476.489708.75195.779297a7.6517972 7.6517972 0 011.03711 2.136719l13.09375 40.548828 25.71875 79.60938h128.88867l38.81836-119.927739c.49565-1.51754 1.39792-3.12406 2.51172-3.892579 1.05637-.73093 2.2991-1.122128 3.55469-1.173828z"
  />
</svg>
`;

exports[`components/svg Test Suite contacts Test Suite Instagram Test Suite matches snapshot 1`] = `
<svg
  className="sc-AxjAm lhDQpH"
  viewBox="0 0 512 512"
  xmlns="http://www.w3.org/2000/svg"
>
  <circle
    cx="256"
    cy="256"
    fill="white"
    r="224"
  />
  <path
    d="M305 256c0 27.06249-21.93751 49-49 49-27.0625 0-49-21.93751-49-49 0-27.0625 21.9375-49 49-49 27.06249 0 49 21.9375 49 49zm0 0"
  />
  <path
    d="M370.59375 169.30469c-2.35547-6.38283-6.11328-12.16016-10.9961-16.90235-4.74218-4.88281-10.51562-8.64063-16.90234-10.99609-5.17968-2.01172-12.96094-4.40626-27.29298-5.05859-15.50389-.70704-20.15233-.85939-59.40233-.85939-39.25391 0-43.90234.14844-59.40234.85547-14.33204.65625-22.1172 3.05079-27.29297 5.06251-6.38672 2.35546-12.16407 6.11328-16.90235 10.99609-4.88281 4.74219-8.64063 10.51563-11 16.90235-2.01172 5.17968-4.40625 12.96484-5.0586 27.29687-.70703 15.5-.85936 20.14844-.85936 59.40235 0 39.25.15233 43.89842.85936 59.40234.65235 14.33203 3.04688 22.11328 5.0586 27.29296 2.35937 6.38672 6.11328 12.16016 10.99609 16.90235 4.74219 4.88281 10.51563 8.64063 16.90235 10.99609 5.17968 2.01563 12.96484 4.41016 27.29688 5.06251 15.5.70703 20.14452.85545 59.39843.85545 39.25782 0 43.90624-.14842 59.40235-.85545 14.33203-.65235 22.11719-3.04688 27.29687-5.06251 12.82032-4.94532 22.95313-15.07812 27.89844-27.89844 2.01172-5.17968 4.40625-12.96093 5.0625-27.29296.70703-15.50392.85547-20.15234.85547-59.40234 0-39.25391-.14844-43.90235-.85547-59.40235-.65234-14.33203-3.04688-22.11719-5.0625-27.29687zM256 331.48437c-41.69142 0-75.48828-33.79296-75.48828-75.48437 0-41.69142 33.79686-75.48438 75.48828-75.48438 41.68749 0 75.48437 33.79296 75.48437 75.48438 0 41.69141-33.79688 75.48437-75.48437 75.48437zm78.46875-136.31251c-9.74219 0-17.64063-7.89842-17.64063-17.64061 0-9.74219 7.89844-17.64063 17.64063-17.64063 9.74218 0 17.64062 7.89844 17.64062 17.64063-.004 9.74219-7.89844 17.64061-17.64062 17.64061zm0 0"
  />
  <path
    d="M256 .000002C114.63672.000002.000002 114.63672.000002 256S114.63672 512 256 512s256-114.63672 256-256S397.36328.000002 256 .000002zM402.11328 316.60547c-.71095 15.64844-3.19923 26.33202-6.83204 35.68358-7.63672 19.74611-23.24608 35.35547-42.99219 42.99219-9.34764 3.63281-20.03514 6.1172-35.67968 6.83204-15.67578.71484-20.6836.88672-60.60546.88672-39.92578 0-44.92969-.17188-60.60938-.88672-15.64453-.71484-26.33203-3.19923-35.6797-6.83204-9.81249-3.6914-18.6953-9.47656-26.03905-16.95703-7.47656-7.33984-13.26172-16.22656-16.95312-26.03516-3.63282-9.34764-6.1211-20.03514-6.83202-35.67968C109.16797 300.92969 109 295.92188 109 256c0-39.92187.16797-44.9297.88672-60.60547.71094-15.64844 3.19532-26.33203 6.82812-35.68359 3.69141-9.8086 9.48048-18.69532 16.96094-26.03516 7.33984-7.48046 16.22656-13.26562 26.03516-16.95702 9.35156-3.63282 20.03515-6.1172 35.68359-6.83204C211.0703 109.17188 216.07813 109 256 109s44.92969.17188 60.60547.89064c15.64844.71092 26.33202 3.1953 35.68358 6.8242 9.8086 3.69141 18.69532 9.48048 26.03907 16.96094 7.47656 7.34375 13.26563 16.22656 16.95312 26.03516 3.63672 9.35156 6.12109 20.03515 6.83595 35.68359C402.83203 211.0703 403 216.07813 403 256c0 39.92188-.16797 44.92969-.88672 60.60547zm0 0"
  />
</svg>
`;

exports[`components/svg Test Suite contacts Test Suite LinkedIn Test Suite matches snapshot 1`] = `
<svg
  className="sc-AxjAm lhDQpH"
  viewBox="0 0 512 512"
  xmlns="http://www.w3.org/2000/svg"
>
  <circle
    cx="256"
    cy="256"
    fill="white"
    r="224"
  />
  <path
    d="M256 0C114.637 0 0 114.637 0 256s114.637 256 256 256 256-114.637 256-256S397.363 0 256 0zm-74.39 387h-62.348V199.426h62.347zm-31.173-213.188h-.406c-20.922 0-34.453-14.402-34.453-32.402 0-18.406 13.945-32.41 35.274-32.41 21.328 0 34.453 14.004 34.859 32.41 0 18-13.531 32.402-35.274 32.402zM406.423 387h-62.34V286.652c0-25.218-9.027-42.418-31.586-42.418-17.223 0-27.48 11.602-31.988 22.801-1.649 4.008-2.051 9.61-2.051 15.215V387h-62.344s.817-169.977 0-187.574h62.344v26.558c8.285-12.78 23.11-30.96 56.188-30.96 41.02 0 71.777 26.808 71.777 84.421zm0 0"
  />
</svg>
`;

exports[`components/svg Test Suite contacts Test Suite Messenger Test Suite matches snapshot 1`] = `
<svg
  className="sc-AxjAm lhDQpH"
  viewBox="0 0 512 512"
  xmlns="http://www.w3.org/2000/svg"
>
  <circle
    cx="256"
    cy="256"
    fill="white"
    r="224"
  />
  <path
    d="M241.57423 210.21094l-82.95314 87.82811 75.49219-41.42186 39.44531 41.42186 82.48828-87.82811-74.65626 40.69531zm0 0"
  />
  <path
    d="M256 .000002C114.63672.000002.000002 114.63672.000002 256S114.63672 512 256 512s256-114.63672 256-256S397.36328.000002 256 .000002zm2 393.035158c-15.84765 0-31.14454-2.23829-45.53516-6.38283L160.83983 416v-55.21095c-34.57811-26.31249-56.66014-66.38672-56.66014-111.26952C104.17969 170.2539 173.04686 106 258 106c84.95703 0 153.82031 64.2539 153.82031 143.51953 0 79.2578-68.86328 143.51563-153.82031 143.51563zm0 0"
  />
</svg>
`;

exports[`components/svg Test Suite contacts Test Suite Phone Test Suite matches snapshot 1`] = `
<svg
  className="sc-AxjAm lhDQpH"
  viewBox="0 0 512 512"
  xmlns="http://www.w3.org/2000/svg"
>
  <circle
    cx="256"
    cy="256"
    fill="white"
    r="224"
  />
  <ellipse
    cx="256"
    cy="385.85175"
    rx="19.998854"
    ry="19.99872"
  />
  <path
    d="M311.79301 116.47659H200.20699c-6.25498 0-11.34429 4.85205-11.34429 10.8049v210.93035c0 5.95797 5.0859 10.80491 11.34429 10.80491h111.58602c6.25498 0 11.34429-4.85206 11.34429-10.80491V127.28149c-.003-5.95797-5.08931-10.8049-11.34429-10.8049z"
  />
  <path
    d="M255.99317 0C114.61367 0 0 114.62144 0 255.99488S114.61367 512 255.99317 512C397.37268 512 512 397.37515 512 255.99488S397.37268 0 255.99317 0zm99.59832 382.32917c0 19.55499-15.85504 35.41163-35.41186 35.41163H191.81354c-19.55511 0-35.41186-15.85493-35.41186-35.41163V128.55125c0-19.55498 15.85504-35.411623 35.41186-35.411623h128.36609c19.55511 0 35.41186 15.854933 35.41186 35.411623z"
  />
</svg>
`;

exports[`components/svg Test Suite contacts Test Suite Reddit Test Suite matches snapshot 1`] = `
<svg
  className="sc-AxjAm lhDQpH"
  viewBox="0 0 512 512"
  xmlns="http://www.w3.org/2000/svg"
>
  <circle
    cx="256"
    cy="256"
    fill="white"
    r="224"
  />
  <path
    d="M309.60547 343.34765c-11.46875 11.46876-36.04298 15.56251-53.5547 15.56251-17.56249 0-42.08593-4.09375-53.55468-15.56251-2.71484-2.71484-7.0664-2.71484-9.77735 0-2.71484 2.71484-2.71484 7.0664 0 9.77735 18.17579 18.17577 53.09377 19.60937 63.33203 19.60937 10.23828 0 45.10548-1.4336 63.33595-19.60937 2.66015-2.71484 2.66015-7.06641 0-9.77735-2.71485-2.71484-7.06641-2.71484-9.78125 0zM224 282.67577C224 267.98047 212.01953 256 197.32422 256c-14.69141 0-26.67578 11.98047-26.67578 26.67577 0 14.69142 11.98437 26.67579 26.67578 26.67579 14.69531 0 26.67578-11.98047 26.67578-26.67579zm0 0"
  />
  <path
    d="M256 .000002C114.63672.000002.000002 114.63672.000002 256S114.63672 512 256 512s256-114.63672 256-256S397.36328.000002 256 .000002zM404.53124 290.14844c.56251 3.68749.8711 7.42577.8711 11.21484 0 57.44531-66.86718 103.98828-149.35157 103.98828-82.48436 0-149.35155-46.54297-149.35155-103.98828 0-3.83984.30859-7.62891.8711-11.31641C94.566411 284.21093 85.503904 271.15625 85.503904 256c0-20.58203 16.691416-37.32422 37.324226-37.32422 10.03515 0 19.09765 3.9414 25.80468 10.39452 25.90625-18.68749 61.75-30.62108 101.63282-31.64452 0-.51172 18.6367-89.29297 18.6367-89.29297.35939-1.73828 1.38283-3.22656 2.8672-4.19531 1.48438-.97266 3.27735-1.28125 5.01952-.92188l62.0547 13.20704c4.35156-8.80469 13.30858-14.89844 23.80469-14.89844 14.74609 0 26.67577 11.9297 26.67577 26.67578 0 14.74609-11.92968 26.67578-26.67577 26.67578-14.28516 0-25.85547-11.26563-26.51953-25.39453l-55.5547-11.82813-16.99609 80.02734c39.16797 1.37891 74.34375 13.25782 99.83985 31.6914 6.70703-6.5 15.82031-10.49608 25.90624-10.49608 20.63673 0 37.32423 16.69141 37.32423 37.32422 0 15.25781-9.16408 28.31249-22.1172 34.14844zm0 0"
  />
  <path
    d="M314.67577 256C299.98047 256 288 267.98047 288 282.67577c0 14.69142 11.98047 26.67579 26.67577 26.67579 14.69142 0 26.67579-11.98437 26.67579-26.67579 0-14.6953-11.98047-26.67577-26.67579-26.67577zm0 0"
  />
</svg>
`;

exports[`components/svg Test Suite contacts Test Suite Skype Test Suite matches snapshot 1`] = `
<svg
  className="sc-AxjAm lhDQpH"
  viewBox="0 0 512 512"
  xmlns="http://www.w3.org/2000/svg"
>
  <circle
    cx="256"
    cy="256"
    fill="white"
    r="224"
  />
  <path
    d="M284.43749 237.76172l-35.20312-7.8125c-13.39062-3.05078-28.80468-7.08204-28.80468-19.70704 0-12.65234 10.81249-21.49218 30.33203-21.49218 39.33984 0 35.74609 27.03516 55.27733 27.03516 10.27736 0 19.27344-6.04298 19.27344-16.4336 0-24.2461-38.80468-42.44141-71.72265-42.44141-35.73438 0-73.78906 15.17579-73.78906 55.59375 0 19.46484 6.95312 40.17189 45.2578 49.77735l47.56251 11.875c14.39452 3.54687 17.9961 11.64452 17.9961 18.94922 0 12.14844-12.06642 24.01562-33.92578 24.01562-42.69923 0-36.77344-32.85937-59.65625-32.85937-10.28126 0-17.74219 7.08203-17.74219 17.18749 0 19.70312 23.92187 45.9961 77.39844 45.9961 50.8789 0 76.08984-24.52344 76.08984-57.36719 0-21.20703-9.77734-43.72265-48.34376-52.3164zm0 0"
  />
  <path
    d="M256 .000002C114.63672.000002.000002 114.63672.000002 256S114.63672 512 256 512s256-114.63672 256-256S397.36328.000002 256 .000002zM389.28516 388.90624C372.45312 405.74608 350.08593 415 326.28905 415c-15.41405 0-30.5078-4.00781-43.83984-11.55079-8.65233 1.53515-17.51562 2.34375-26.35937 2.34375-20.32031 0-40.03906-3.98437-58.58984-11.84765-17.9375-7.56251-34.02734-18.42578-47.85938-32.25-13.8164-13.82031-24.66796-29.91015-32.24218-47.83984-7.85938-18.5625-11.83594-38.26954-11.83594-58.59375 0-8.70313.78126-17.41797 2.26563-25.94531-7.31641-13.16016-11.210946-28.05079-11.210946-43.20313 0-23.80078 9.273456-46.1797 26.097656-63.0078 16.83203-16.83595 39.21094-26.105482 63.01172-26.105482 14.57813 0 28.98438 3.636722 41.78906 10.445322.0233-.004.0508-.004.0703-.012 9.33594-1.78906 18.92578-2.6914 28.5039-2.6914 20.31641 0 40.03125 3.98046 58.58204 11.82812 17.91796 7.58202 34.02734 18.43359 47.83984 32.2539 13.83202 13.82423 24.67969 29.92187 32.26172 47.84766 7.85937 18.5586 11.83593 38.26953 11.83593 58.58985 0 9.16015-.86328 18.32811-2.50781 27.28515 7.36719 13.21093 11.28516 28.15235 11.28516 43.35547-.004 23.80077-9.26563 46.1836-26.10156 63.0039zm0 0"
  />
</svg>
`;

exports[`components/svg Test Suite contacts Test Suite Twitter Test Suite matches snapshot 1`] = `
<svg
  className="sc-AxjAm lhDQpH"
  viewBox="0 0 512 512"
  xmlns="http://www.w3.org/2000/svg"
>
  <circle
    cx="256"
    cy="256"
    fill="white"
    r="224"
  />
  <path
    d="M256 0C114.637 0 0 114.637 0 256s114.637 256 256 256 256-114.637 256-256S397.363 0 256 0zm116.887 199.602c.113 2.52.168 5.05.168 7.593 0 77.645-59.102 167.18-167.184 167.184h.004-.004c-33.184 0-64.062-9.727-90.066-26.395 4.597.543 9.277.813 14.015.813 27.532 0 52.867-9.39 72.98-25.152-25.722-.477-47.41-17.465-54.894-40.813a58.481 58.481 0 0011.043 1.063c5.363 0 10.559-.723 15.496-2.07-26.886-5.384-47.14-29.145-47.14-57.598 0-.266 0-.504.008-.75a58.354 58.354 0 0026.613 7.347c-15.777-10.527-26.148-28.523-26.148-48.91a58.597 58.597 0 017.957-29.535c28.976 35.555 72.28 58.937 121.117 61.394a58.708 58.708 0 01-1.528-13.398c0-32.437 26.317-58.754 58.766-58.754 16.902 0 32.168 7.145 42.89 18.567a117.855 117.855 0 0037.313-14.262c-4.394 13.715-13.707 25.222-25.84 32.5 11.887-1.422 23.215-4.574 33.742-9.254a119.412 119.412 0 01-29.308 30.43zm0 0"
  />
</svg>
`;

exports[`components/svg Test Suite contacts Test Suite Whatsapp Test Suite matches snapshot 1`] = `
<svg
  className="sc-AxjAm lhDQpH"
  viewBox="0 0 512 512"
  xmlns="http://www.w3.org/2000/svg"
>
  <circle
    cx="256"
    cy="256"
    fill="white"
    r="224"
  />
  <path
    d="M256 .000002C114.63672.000002.000002 114.63672.000002 256S114.63672 512 256 512s256-114.63672 256-256S397.36328.000002 256 .000002zm5.42577 405.050768c-.004 0 .004 0 0 0h-.0625c-25.64453-.012-50.84375-6.44141-73.22266-18.64453l-81.22265 21.30079 21.73828-79.375c-13.41019-23.22656-20.46487-49.57812-20.45316-76.57422.0352-84.45312 68.76954-153.160146 153.22265-153.160146 40.98439.0156 79.45704 15.968746 108.38282 44.917956 28.92969 28.95312 44.85157 67.43751 44.83593 108.36329-.0352 84.45702-68.77733 153.17186-153.21875 153.17186zm0 0"
  />
  <path
    d="M261.47656 124.46876c-70.2461 0-127.37501 57.10546-127.40626 127.30077-.008 24.05468 6.72656 47.48047 19.47267 67.75l3.02733 4.8164-12.86719 46.98048 48.19923-12.64064 4.65235 2.75782c19.55077 11.60157 41.96484 17.73828 64.8164 17.7461h.0508c70.1914 0 127.32031-57.10938 127.35156-127.3086.012-34.01953-13.22265-66.00391-37.26562-90.0664-24.04298-24.06251-56.01954-37.32421-90.03126-37.33593zm74.90625 182.03515c-3.1914 8.9375-18.48437 17.09765-25.83984 18.19921-6.59766.98437-14.94141 1.39453-24.11328-1.51563-5.5625-1.76562-12.69141-4.12108-21.82813-8.06249-38.40234-16.57813-63.48438-55.23439-65.39843-57.78907-1.91407-2.55468-15.63283-20.7539-15.63283-39.59375 0-18.83593 9.89064-28.09765 13.39844-31.92577 3.51172-3.83204 7.66016-4.78907 10.21095-4.78907 2.55077 0 5.10547.0233 7.33593.1328 2.35156.1172 5.50782-.89453 8.61328 6.57031 3.1914 7.66407 10.84766 26.5 11.80469 28.41407.95704 1.91797 1.59376 4.15233.32032 6.70702-1.27735 2.5547-5.51953 8.06642-9.57033 13.08986-1.6992 2.10545-3.91405 3.98045-1.67968 7.81249 2.23048 3.82812 9.91798 16.36328 21.29689 26.51171 14.62498 13.03908 26.96093 17.07813 30.78905 18.99611 3.82421 1.91405 6.0586 1.59374 8.29297-.95703 2.23047-2.55469 9.57032-11.17579 12.1211-15.00783 2.55078-3.83202 5.10546-3.1914 8.61328-1.91405 3.51172 1.27344 22.33202 10.53516 26.16014 12.44921 3.82814 1.91798 6.37892 2.875 7.33595 4.47267.96093 1.59764.96093 9.2578-2.23047 18.19921zm0 0"
  />
</svg>
`;

exports[`components/svg Test Suite emojis Test Suite Astonished Test Suite matches snapshot 1`] = `
<svg
  className="sc-AxjAm lhDQpH"
  viewBox="0 0 512 512"
  xmlns="http://www.w3.org/2000/svg"
>
  <circle
    cx="255.984"
    cy="246.672"
    fill="#ffd93b"
    r="246.672"
  />
  <path
    d="M502.656 246.672c0 136.288-110.464 246.672-246.672 246.672-77.552 0-146.768-35.776-192.016-91.808 42.32 34.224 96.208 54.656 154.864 54.656 136.208 0 246.672-110.384 246.672-246.672 0-58.656-20.432-112.544-54.656-154.864 55.968 45.248 91.808 114.464 91.808 192.016z"
    fill="#f4c534"
  />
  <path
    d="M234.704 202.96c0 45.328-36.656 82.144-82.144 82.144-45.328 0-82.144-36.816-82.144-82.144 0-45.472 36.816-82.288 82.144-82.288 45.488 0 82.144 36.8 82.144 82.288zm206.896 0c0 45.328-36.656 82.144-82.128 82.144-45.328 0-82.144-36.816-82.144-82.144 0-45.472 36.816-82.288 82.144-82.288 45.472 0 82.128 36.8 82.128 82.288z"
    fill="#fff"
  />
  <g
    fill="#3e4347"
  >
    <path
      d="M485.504 190.464h-33.168c-6.112-45.872-45.424-81.392-92.88-81.392-35.12 0-65.76 19.472-81.792 48.176-4.352 7.792-12.576 12.336-21.504 12.272h-.4c-8.88.064-17.088-4.496-21.408-12.256-16.032-28.736-46.656-48.208-81.792-48.208-47.456 0-86.672 35.52-92.8 81.392H26.464v24.832h33.584c5.76 42.848 40.592 77.328 84.432 81.04 55.504 4.704 102.912-39.552 101.712-95.36.944-4.672 4.88-8.24 9.808-8.24 5.024 0 9.712 3.632 9.712 10.224 0 54.096 46.096 97.664 101.104 93.44 44.016-3.376 79.488-37.792 85.232-81.104h33.456v-24.816zm-332.928 83.024c-38.896 0-70.544-31.648-70.544-70.528 0-38.976 31.648-70.688 70.544-70.688s70.528 31.712 70.528 70.688c0 38.88-31.632 70.528-70.528 70.528zm206.896 0c-38.896 0-70.544-31.648-70.544-70.528 0-38.976 31.648-70.688 70.544-70.688S430 163.984 430 202.96c0 38.88-31.648 70.528-70.528 70.528z"
    />
    <path
      d="M370.176 189.68c0 17.264-13.904 31.488-31.376 31.488-17.264 0-31.376-14.224-31.376-31.488 0-17.376 14.112-31.6 31.376-31.6 17.472 0 31.376 14.224 31.376 31.6z"
    />
  </g>
  <ellipse
    cx="349.691"
    cy="178.712"
    fill="#fff"
    rx="10.352"
    ry="7.152"
    transform="rotate(-135 349.692 178.714)"
  />
  <path
    d="M204.608 189.68c0 17.264-13.904 31.488-31.376 31.488-17.264 0-31.376-14.224-31.376-31.488 0-17.376 14.112-31.6 31.376-31.6 17.472 0 31.376 14.224 31.376 31.6z"
    fill="#3e4347"
  />
  <ellipse
    cx="184.122"
    cy="178.697"
    fill="#fff"
    rx="10.352"
    ry="7.152"
    transform="rotate(-135 184.122 178.699)"
  />
  <path
    d="M467.968 93.68c-6.688 4.032-14.304 1.792-17.76-3.808C396.8 8.16 313.024 48.496 309.504 50.256c-6.448 3.232-14.08.592-17.312-5.712-3.072-6.448-.592-14.096 5.872-17.312 1.024-.448 107.984-52.08 173.568 48.56 3.952 6 2.192 13.92-3.664 17.888zm-423.952 0c6.688 4.016 14.288 1.792 17.744-3.824C115.168 8.144 198.944 48.48 202.464 50.24c6.448 3.232 14.08.592 17.312-5.712 3.088-6.448.592-14.096-5.872-17.312-1.024-.448-107.984-52.08-173.568 48.56-3.952 6.016-2.192 13.936 3.68 17.904z"
    fill="#3e4347"
  />
  <ellipse
    cx="255.984"
    cy="402.4"
    fill="#ffd93b"
    rx="89.232"
    ry="109.568"
  />
  <ellipse
    cx="255.984"
    cy="402.4"
    fill="#3e4347"
    rx="69.632"
    ry="87.68"
  />
</svg>
`;

exports[`components/svg Test Suite emojis Test Suite Nerd Test Suite matches snapshot 1`] = `
<svg
  className="sc-AxjAm lhDQpH"
  viewBox="0 0 512 512"
  xmlns="http://www.w3.org/2000/svg"
>
  <circle
    cx="256"
    cy="256"
    fill="#ffd93b"
    r="256"
  />
  <path
    d="M351.936 367.216c-7.36 40.8-39.84 81.92-96 81.92s-88.64-41.12-95.84-81.92c-1.12-6.08 3.04-11.84 9.12-12.96 6.08-.96 11.84 3.04 12.96 9.12 5.6 31.52 30.56 63.36 73.76 63.36s68.32-31.84 73.92-63.36c1.12-6.08 6.88-10.08 12.96-9.12 6.08 1.104 10.24 6.88 9.12 12.96z"
    fill="#3e4347"
  />
  <path
    d="M512 256c0 141.44-114.64 256-256 256-80.48 0-152.32-37.12-199.28-95.28 43.92 35.52 99.84 56.72 160.72 56.72 141.36 0 256-114.56 256-256 0-60.88-21.2-116.8-56.72-160.72C474.8 103.68 512 175.52 512 256z"
    fill="#f4c534"
  />
  <path
    d="M235.44 225.232c0 43.808-35.424 79.376-79.376 79.376-43.792 0-79.376-35.568-79.376-79.376 0-43.952 35.584-79.52 79.376-79.52 43.952 0 79.376 35.584 79.376 79.52z"
    fill="#fff"
  />
  <circle
    cx="156.064"
    cy="225.12"
    fill="#3e4347"
    r="36.16"
  />
  <path
    d="M276.624 225.088c0-43.808 35.424-79.376 79.376-79.376 43.808 0 79.376 35.568 79.376 79.376 0 43.952-35.568 79.52-79.376 79.52-43.952.016-79.376-35.568-79.376-79.52z"
    fill="#fff"
  />
  <path
    d="M485.264 213.168H445.76c-5.92-44.336-43.888-78.64-89.76-78.64-33.952 0-63.552 18.816-79.04 46.56-4.208 7.536-12.16 11.92-20.784 11.872h-.384c-8.592.064-16.512-4.336-20.688-11.84-15.488-27.76-45.088-46.592-79.04-46.592-45.856 0-83.744 34.336-89.68 78.64H26.736v24h39.92c5.568 41.408 39.216 74.736 81.6 78.32 53.632 4.544 99.44-38.224 98.304-92.144.912-4.512 4.72-7.968 9.472-7.968 4.864 0 9.376 3.504 9.376 9.872 0 52.288 44.56 94.384 97.696 90.304 42.528-3.264 76.832-36.528 82.368-78.384h39.776v-24h.016zm-329.2 80.224c-37.584 0-68.176-30.592-68.176-68.16 0-37.664 30.576-68.304 68.176-68.304 37.584 0 68.16 30.64 68.16 68.304 0 37.584-30.576 68.16-68.16 68.16zm199.936 0c-37.584 0-68.176-30.592-68.176-68.16 0-37.664 30.576-68.304 68.176-68.304 37.584 0 68.16 30.64 68.16 68.304 0 37.584-30.576 68.16-68.16 68.16z"
    fill="#3e4347"
  />
  <ellipse
    cx="169.695"
    cy="211.503"
    fill="#fff"
    rx="10"
    ry="6.48"
    transform="rotate(-135 169.696 211.505)"
  />
  <circle
    cx="356"
    cy="225.12"
    fill="#3e4347"
    r="36.16"
  />
  <ellipse
    cx="369.623"
    cy="211.559"
    fill="#fff"
    rx="10"
    ry="6.48"
    transform="rotate(-135 369.625 211.56)"
  />
  <path
    d="M413.776 107.456c-5.12 2.992-12.256 1.536-15.52-4.064-26.672-45.648-82.272-35.552-82.864-35.408-6.176 1.2-12.048-2.864-13.264-9.04-1.056-6.176 2.864-12.064 9.04-13.264 2.864-.448 71.872-12.96 106.672 46.256 3.168 5.424 1.36 12.368-4.064 15.52zm-315.552 0c5.12 2.992 12.256 1.536 15.52-4.064C140.416 57.744 196 67.84 196.608 67.984c6.176 1.2 12.048-2.864 13.264-9.04 1.056-6.176-2.864-12.064-9.04-13.264-2.864-.448-71.872-12.96-106.672 46.256-3.168 5.424-1.36 12.368 4.064 15.52z"
    fill="#3e4347"
  />
</svg>
`;

exports[`components/svg Test Suite emojis Test Suite Ugly Test Suite matches snapshot 1`] = `
<svg
  className="sc-AxjAm lhDQpH"
  viewBox="0 0 512 512"
  xmlns="http://www.w3.org/2000/svg"
>
  <circle
    cx="255.995"
    cy="265.526"
    fill="#ffd93b"
    r="246.464"
  />
  <path
    d="M502.459 265.526c0 136.176-110.368 246.464-246.464 246.464-77.472 0-146.64-35.728-191.856-91.728 42.288 34.192 96.112 54.608 154.736 54.608 136.096 0 246.448-110.288 246.448-246.448 0-58.608-20.416-112.448-54.608-154.736 55.92 45.2 91.744 114.368 91.744 191.84z"
    fill="#f4c534"
  />
  <path
    d="M429.243 361.83c-37.792 68.096-101.248 113.056-173.296 113.056S120.443 429.91 82.651 361.83c-5.744-10.624 2.368-24.368 12.48-21.456 107.328 30.192 214.48 30.192 321.632 0 10.112-2.912 18.384 10.832 12.48 21.456z"
    fill="#3e4347"
  />
  <path
    d="M255.947 474.902c36.672 0 71.088-11.712 101.056-32.128-2.448-3.952-5.152-7.776-8.304-11.344-19.776-22.448-55.632-29.168-86.8-20.08-12.336 3.728-26.448 5.392-42.528 4.528-3.12-.16-6.224-.48-9.312-.784-20.144-2.352-40.224 3.664-51.184 17.392-2.272 2.8-4.224 5.792-6.016 8.832 30.448 21.312 65.568 33.584 103.088 33.584z"
    fill="#e24b4b"
  />
  <circle
    cx="353.275"
    cy="219.222"
    fill="#f4c534"
    r="93.552"
  />
  <ellipse
    cx="353.275"
    cy="219.238"
    fill="#fff"
    rx="76.768"
    ry="76.688"
  />
  <path
    d="M158.219 130.23c-51.472 0-93.104 41.76-93.104 93.104 0 26.336 10.944 50.048 28.48 66.976 8.816-3.456 18.816-5.488 30.128-5.488 27.36 0 47.328 11.36 60.096 27.952 38.864-11.136 67.344-46.88 67.344-89.44.016-51.344-41.616-93.104-92.944-93.104z"
    fill="#f4c534"
  />
  <path
    d="M166.107 146.454c-42.32 0-80.096 34.48-84.448 76.88-1.92 18.736 2.976 35.872 12.656 49.2 8.704-2.448 18.176-3.888 28.592-3.888 26.912 0 48.048 8.928 63.52 22.896 25.792-12.8 45.184-38.496 48.24-68.192 4.336-42.416-26.352-76.896-68.56-76.896z"
    fill="#fff"
  />
  <ellipse
    cx="179.483"
    cy="197.862"
    fill="#3e4347"
    rx="38.288"
    ry="38.352"
  />
  <ellipse
    cx="193.295"
    cy="184.097"
    fill="#fff"
    rx="11.712"
    ry="7.504"
    transform="rotate(-135 193.296 184.099)"
  />
  <ellipse
    cx="340.091"
    cy="246.934"
    fill="#3e4347"
    rx="38.288"
    ry="38.352"
  />
  <ellipse
    cx="337.418"
    cy="267.278"
    fill="#fff"
    rx="13.568"
    ry="8.688"
    transform="rotate(-135 337.42 267.28)"
  />
  <path
    d="M484.379 135.254c-110.256-77.552-134.896-104.4-191.936-53.136-31.968 26.992-56 18.256-64.08 3.392-9.296-16.752-8.608-37.952-14.016-54.528-4.272-14.032-12.256-9.072-26.032-1.392-44.912 25.6-120.144 79.968-152.032 100.736 34.72-34.64 97.168-91.04 141.712-118.288 15.408-8.144 42.816-27.616 57.616 11.856 2.48 7.552 8.992 48.448 15.088 52.528 24.864 4.176 36.72-33.184 77.024-39.12 48.672-9.104 96.528 38.48 139.856 80.096 9.872 9.84 15.568 16.32 16.8 17.856z"
    fill="#3e4347"
  />
  <path
    d="M140.267 351.062c36.656 7.552 73.168 11.408 109.68 11.712l-5.552 41.744c-.928 4.304-4.928 7.232-9.088 6.624-13.088-1.696-27.264-5.392-34.96-7.552-3.392-1.088-5.696-4.016-6-7.552l-2.16-31.264-6.928 29.264c-1.072 4.624-5.696 7.392-10.16 6.32-12.784-3.088-26.64-9.088-34.048-12.64-3.392-1.536-5.232-5.088-4.768-8.784l3.984-27.872zm225.808 1.072v36.8c0 3.232-1.84 6.16-4.784 7.552-12.016 5.696-26.8 9.392-35.888 11.392-4.624 1.088-9.088-2.16-9.856-6.784l-4.16-40.976c18.192-1.824 36.512-4.448 54.688-7.984zm-204.704 60.384c-3.696-.784-7.232 1.536-8.016 5.232l-4.512 20.704c17.872 13.152 37.456 23.12 58.272 29.264v-31.184c0-1.84-.608-3.696-2-4.928-11.712-10.768-33.12-16.624-43.744-19.088zm197.088 15.456c-.384-1.808-1.76-3.36-3.808-3.568-15.728-1.808-37.84 2.144-46.576 3.84-1.952.544-3.6 2.304-3.36 4.288l.48 26.016-2.944-24.016c-.256-2.128-1.808-3.808-4.032-4-17.792-2.16-43.04 2.32-52.912 4.304-2.288.592-4.064 2.672-3.792 4.816l2.32 34.768c4.016.272 8.048.48 12.112.48 38.16 0 73.856-12.704 104.64-34.688l-2.128-12.24z"
    fill="#fff"
  />
</svg>
`;

exports[`components/svg Test Suite icons Test Suite A2HS Test Suite matches snapshot 1`] = `
<svg
  className="sc-AxjAm lhDQpH"
  viewBox="0 0 24 24"
  xmlns="http://www.w3.org/2000/svg"
>
  <path
    d="M0 0h24v24H0V0z"
    fill="none"
  />
  <path
    d="M18 1.01L8 1c-1.1 0-2 .9-2 2v3h2V5h10v14H8v-1H6v3c0 1.1.9 2 2 2h10c1.1 0 2-.9 2-2V3c0-1.1-.9-1.99-2-1.99zM10 15h2V8H5v2h3.59L3 15.59 4.41 17 10 11.41z"
  />
  <path
    d="M0 0h24v24H0V0z"
    fill="none"
  />
</svg>
`;

exports[`components/svg Test Suite icons Test Suite Book Test Suite matches snapshot 1`] = `
<svg
  className="sc-AxjAm lhDQpH"
  viewBox="0 0 24 24"
  xmlns="http://www.w3.org/2000/svg"
>
  <path
    d="M0 0H24V24H0z"
    fill="none"
  />
  <path
    d="M21 5c-1.11-.35-2.33-.5-3.5-.5-1.95 0-4.05.4-5.5 1.5-1.45-1.1-3.55-1.5-5.5-1.5S2.45 4.9 1 6v14.65c0 .25.25.5.5.5.1 0 .15-.05.25-.05C3.1 20.45 5.05 20 6.5 20c1.95 0 4.05.4 5.5 1.5 1.35-.85 3.8-1.5 5.5-1.5 1.65 0 3.35.3 4.75 1.05.1.05.15.05.25.05.25 0 .5-.25.5-.5V6c-.6-.45-1.25-.75-2-1zm0 13.5c-1.1-.35-2.3-.5-3.5-.5-1.7 0-4.15.65-5.5 1.5V8c1.35-.85 3.8-1.5 5.5-1.5 1.2 0 2.4.15 3.5.5v11.5z"
  />
  <path
    d="M17.5 10.5c.88 0 1.73.09 2.5.26V9.24c-.79-.15-1.64-.24-2.5-.24-1.7 0-3.24.29-4.5.83v1.66c1.13-.64 2.7-.99 4.5-.99zM13 12.49v1.66c1.13-.64 2.7-.99 4.5-.99.88 0 1.73.09 2.5.26V11.9c-.79-.15-1.64-.24-2.5-.24-1.7 0-3.24.3-4.5.83zM17.5 14.33c-1.7 0-3.24.29-4.5.83v1.66c1.13-.64 2.7-.99 4.5-.99.88 0 1.73.09 2.5.26v-1.52c-.79-.16-1.64-.24-2.5-.24z"
  />
</svg>
`;

exports[`components/svg Test Suite icons Test Suite Business Test Suite matches snapshot 1`] = `
<svg
  className="sc-AxjAm lhDQpH"
  viewBox="0 0 24 24"
  xmlns="http://www.w3.org/2000/svg"
>
  <path
    d="M0 0h24v24H0zm10 5h4v2h-4zm0 0h4v2h-4z"
    fill="none"
  />
  <path
    d="M10 16v-1H3.01L3 19c0 1.11.89 2 2 2h14c1.11 0 2-.89 2-2v-4h-7v1h-4zm10-9h-4.01V5l-2-2h-4l-2 2v2H4c-1.1 0-2 .9-2 2v3c0 1.11.89 2 2 2h6v-2h4v2h6c1.1 0 2-.9 2-2V9c0-1.1-.9-2-2-2zm-6 0h-4V5h4v2z"
  />
</svg>
`;

exports[`components/svg Test Suite icons Test Suite Close Test Suite matches snapshot 1`] = `
<svg
  className="sc-AxjAm lhDQpH"
  viewBox="0 0 24 24"
  xmlns="http://www.w3.org/2000/svg"
>
  <path
    d="M19 6.41L17.59 5 12 10.59 6.41 5 5 6.41 10.59 12 5 17.59 6.41 19 12 13.41 17.59 19 19 17.59 13.41 12z"
  />
  <path
    d="M0 0h24v24H0z"
    fill="none"
  />
</svg>
`;

exports[`components/svg Test Suite icons Test Suite Copy Test Suite matches snapshot 1`] = `
<svg
  className="sc-AxjAm lhDQpH"
  viewBox="0 0 24 24"
  xmlns="http://www.w3.org/2000/svg"
>
  <path
    d="M0 0h24v24H0z"
    fill="none"
  />
  <path
    d="M4 6H2v14c0 1.1.9 2 2 2h14v-2H4V6zm16-4H8c-1.1 0-2 .9-2 2v12c0 1.1.9 2 2 2h12c1.1 0 2-.9 2-2V4c0-1.1-.9-2-2-2zm-1 9H9V9h10v2zm-4 4H9v-2h6v2zm4-8H9V5h10v2z"
  />
</svg>
`;

exports[`components/svg Test Suite icons Test Suite Description Test Suite matches snapshot 1`] = `
<svg
  className="sc-AxjAm lhDQpH"
  viewBox="0 0 24 24"
  xmlns="http://www.w3.org/2000/svg"
>
  <path
    d="M0 0h24v24H0z"
    fill="none"
  />
  <path
    d="M14 2H6c-1.1 0-1.99.9-1.99 2L4 20c0 1.1.89 2 1.99 2H18c1.1 0 2-.9 2-2V8l-6-6zm2 16H8v-2h8v2zm0-4H8v-2h8v2zm-3-5V3.5L18.5 9H13z"
  />
</svg>
`;

exports[`components/svg Test Suite icons Test Suite Download Test Suite matches snapshot 1`] = `
<svg
  className="sc-AxjAm lhDQpH"
  viewBox="0 0 24 24"
  xmlns="http://www.w3.org/2000/svg"
>
  <path
    d="M19 9h-4V3H9v6H5l7 7 7-7zM5 18v2h14v-2H5z"
  />
  <path
    d="M0 0h24v24H0z"
    fill="none"
  />
</svg>
`;

exports[`components/svg Test Suite icons Test Suite House Test Suite matches snapshot 1`] = `
<svg
  className="sc-AxjAm lhDQpH"
  viewBox="0 0 24 24"
  xmlns="http://www.w3.org/2000/svg"
>
  <path
    d="M0 0H24V24H0z"
    fill="none"
  />
  <path
    d="M19 9.3V4h-3v2.6L12 3 2 12h3v8h5v-6h4v6h5v-8h3l-3-2.7zm-9 .7c0-1.1.9-2 2-2s2 .9 2 2h-4z"
  />
</svg>
`;

exports[`components/svg Test Suite icons Test Suite Mood Test Suite matches snapshot 1`] = `
<svg
  className="sc-AxjAm lhDQpH"
  viewBox="0 0 24 24"
  xmlns="http://www.w3.org/2000/svg"
>
  <path
    d="M0 0h24v24H0z"
    fill="none"
  />
  <path
    d="M11.99 2C6.47 2 2 6.48 2 12s4.47 10 9.99 10C17.52 22 22 17.52 22 12S17.52 2 11.99 2zM12 20c-4.42 0-8-3.58-8-8s3.58-8 8-8 8 3.58 8 8-3.58 8-8 8zm3.5-9c.83 0 1.5-.67 1.5-1.5S16.33 8 15.5 8 14 8.67 14 9.5s.67 1.5 1.5 1.5zm-7 0c.83 0 1.5-.67 1.5-1.5S9.33 8 8.5 8 7 8.67 7 9.5 7.67 11 8.5 11zm3.5 6.5c2.33 0 4.31-1.46 5.11-3.5H6.89c.8 2.04 2.78 3.5 5.11 3.5z"
  />
</svg>
`;

exports[`components/svg Test Suite icons Test Suite Moon Test Suite matches snapshot 1`] = `
<svg
  className="sc-AxjAm lhDQpH"
  viewBox="0 0 512 512"
  xmlns="http://www.w3.org/2000/svg"
>
  <path
    d="M462.386 299.769c.41-.419.817-.839 1.223-1.261 7.725-8.038 21.132-.659 18.399 10.148-10.812 42.747-33.518 83.102-68.104 115.812-95.437 90.26-246.857 86.823-338.324-7.457-91.447-94.259-90.577-244.8 2.611-337.988 31.784-31.784 70.248-52.833 110.871-63.14 10.789-2.738 18.352 10.612 10.324 18.322-.925.888-1.843 1.788-2.754 2.699-74.12 74.12-72.967 195.002 3.436 267.669 73.762 70.155 191.11 67.943 262.318-4.804z"
    fill="#fce25c"
  />
  <path
    d="M381.639 450.131c-94.76 62.84-224.34 51.12-306.06-33.12-91.45-94.26-90.58-244.8 2.61-337.99 31.78-31.78 70.24-52.83 110.87-63.14 1.52-.39 2.97-.45 4.33-.25-12.6 8.5-24.56 18.32-35.71 29.47-93.19 93.19-94.06 243.73-2.61 337.99 60.48 62.34 147.18 84.97 226.57 67.04z"
    fill="#fbd307"
  />
  <path
    d="M391.528 203.895l7.162 14.512a7.74 7.74 0 005.828 4.234l16.015 2.327c6.349.923 8.884 8.724 4.29 13.202l-11.589 11.296a7.74 7.74 0 00-2.226 6.851l2.736 15.951c1.084 6.323-5.552 11.145-11.231 8.16l-14.325-7.531a7.744 7.744 0 00-7.204 0l-14.325 7.531c-5.678 2.985-12.315-1.837-11.231-8.16l2.736-15.951a7.74 7.74 0 00-2.226-6.851l-11.589-11.296c-4.594-4.478-2.059-12.28 4.29-13.202l16.015-2.327a7.741 7.741 0 005.828-4.234l7.162-14.512c2.841-5.753 11.045-5.753 13.884 0z"
    fill="#fce25c"
  />
  <path
    d="M369.97 259.501c0 6.16 1.15 12.06 3.25 17.48l-6.56 3.45c-5.68 2.98-12.31-1.84-11.23-8.16l2.74-15.95a7.72 7.72 0 00-2.23-6.85l-11.59-11.3c-4.59-4.48-2.06-12.28 4.29-13.2l16.02-2.33c2.52-.37 4.7-1.95 5.83-4.23l7.16-14.52c2.84-5.75 11.04-5.75 13.88 0l5.9 11.97c-16.25 7.8-27.46 24.41-27.46 43.64z"
    fill="#fbd307"
  />
  <path
    d="M327.03 9.19l10.464 21.202a16.482 16.482 0 0012.409 9.016l23.398 3.4c13.518 1.964 18.916 18.576 9.134 28.111l-16.931 16.504a16.481 16.481 0 00-4.74 14.588l3.997 23.304c2.309 13.463-11.822 23.73-23.913 17.374l-20.928-11.002a16.481 16.481 0 00-15.338 0l-20.928 11.002c-12.091 6.357-26.222-3.91-23.913-17.374l3.997-23.304a16.483 16.483 0 00-4.74-14.588l-16.931-16.504c-9.782-9.535-4.384-26.147 9.134-28.111l23.398-3.4a16.48 16.48 0 0012.409-9.016L297.472 9.19c6.046-12.25 23.513-12.25 29.558 0z"
    fill="#fce25c"
  />
  <path
    d="M294.541 107.768c0 9.4 1.53 18.45 4.35 26.9l-15.24 8.02c-12.09 6.35-26.22-3.91-23.91-17.38l4-23.3c.91-5.35-.86-10.8-4.74-14.59l-16.94-16.5c-9.78-9.54-4.38-26.15 9.14-28.11l23.4-3.4a16.51 16.51 0 0012.41-9.02l10.46-21.2c6.05-12.25 23.51-12.25 29.56 0l10.46 21.2c.47.95 1.03 1.85 1.67 2.68-26.57 14.32-44.62 42.4-44.62 74.7z"
    fill="#fbd307"
  />
</svg>
`;

exports[`components/svg Test Suite icons Test Suite Person Test Suite matches snapshot 1`] = `
<svg
  className="sc-AxjAm lhDQpH"
  viewBox="0 0 24 24"
  xmlns="http://www.w3.org/2000/svg"
>
  <path
    d="M12 12c2.21 0 4-1.79 4-4s-1.79-4-4-4-4 1.79-4 4 1.79 4 4 4zm0 2c-2.67 0-8 1.34-8 4v2h16v-2c0-2.66-5.33-4-8-4z"
  />
  <path
    d="M0 0h24v24H0z"
    fill="none"
  />
</svg>
`;

exports[`components/svg Test Suite icons Test Suite Sun Test Suite matches snapshot 1`] = `
<svg
  className="sc-AxjAm lhDQpH"
  viewBox="0 0 512 512"
  xmlns="http://www.w3.org/2000/svg"
>
  <path
    d="M507.834 301.608l-54.769-48.312 52.832-50.399a7.46 7.46 0 002.099-7.189 7.505 7.505 0 00-5.211-5.401l-70.316-20.292 25.988-68.056a7.454 7.454 0 00-1.204-7.389 7.55 7.55 0 00-7.038-2.657l-72.274 11.652-5.878-72.561a7.485 7.485 0 00-4.275-6.161 7.569 7.569 0 00-7.504.601l-60.266 41.342-36.609-63.044A7.536 7.536 0 00256.889 0a7.534 7.534 0 00-6.519 3.742L208.347 76.11l-72.69-41.953a7.566 7.566 0 00-7.528-.018 7.477 7.477 0 00-3.78 6.473l-.176 72.795-72.965-6.014a7.55 7.55 0 00-6.807 3.194 7.444 7.444 0 00-.622 7.459l31.242 65.835-68.513 25.681a7.499 7.499 0 00-4.773 5.789 7.456 7.456 0 002.656 7.003l56.619 46.152-50.813 52.41a7.457 7.457 0 00-1.816 7.264 7.508 7.508 0 005.419 5.194l71.055 17.551-23.295 69.011a7.453 7.453 0 001.494 7.336 7.554 7.554 0 007.137 2.382l71.76-14.443 8.721 72.278a7.488 7.488 0 004.513 5.99 7.565 7.565 0 007.475-.891l58.596-43.647 39.055 59.566a7.538 7.538 0 006.662 3.486 7.533 7.533 0 006.368-3.992l34.107-62.405 61.839 38.974a7.566 7.566 0 007.522.31 7.482 7.482 0 004.03-6.322l3.031-72.734 72.674 8.84a7.555 7.555 0 006.928-2.927 7.45 7.45 0 00.914-7.43L435.75 337.31l69.465-23.003a7.502 7.502 0 004.997-5.599 7.46 7.46 0 00-2.378-7.1z"
    fill="#ffa600"
  />
  <ellipse
    cx="254.35"
    cy="254.691"
    fill="#ffdb2d"
    rx="155.069"
    ry="154.949"
  />
  <path
    d="M254.354 99.743c-3.884 0-7.732.147-11.543.428 80.25 5.901 143.525 72.825 143.525 154.521 0 81.695-63.275 148.619-143.525 154.521 3.811.28 7.66.428 11.543.428 85.641 0 155.068-69.373 155.068-154.948 0-85.577-69.427-154.95-155.068-154.95z"
    fill="#ffca00"
  />
</svg>
`;
