// Jest Snapshot v1, https://goo.gl/fbAQLP

exports[`components/widgets/Code Test Suite matches snapshot 1`] = `
Array [
  <code
    className="sc-AxirZ idqhbh"
    color="white"
    display="inline-block"
    fontSize={16}
  >
    Code Component
  </code>,
  <span
    className="sc-AxjAm ezCmCO"
    display="flex"
    width={0}
  >
    <button
      className="sc-AxhCb OPdng"
      onClick={[Function]}
    >
      <svg
        className="sc-AxiKw gjbmxY"
        height={24}
        viewBox="0 0 24 24"
        width={24}
        xmlns="http://www.w3.org/2000/svg"
      >
        <path
          d="M0 0h24v24H0z"
          fill="none"
        />
        <path
          d="M4 6H2v14c0 1.1.9 2 2 2h14v-2H4V6zm16-4H8c-1.1 0-2 .9-2 2v12c0 1.1.9 2 2 2h12c1.1 0 2-.9 2-2V4c0-1.1-.9-2-2-2zm-1 9H9V9h10v2zm-4 4H9v-2h6v2zm4-8H9V5h10v2z"
          fill="white"
        />
      </svg>
      <span
        className="sc-AxirZ cdMprA"
        color="white"
      >
        copy
      </span>
    </button>
  </span>,
]
`;
