// Jest Snapshot v1, https://goo.gl/fbAQLP

exports[`components/Header Test Suite matches snapshot 1`] = `
<header
  className="sc-AykKC eabPrn"
  display="flex"
>
  <a
    className="sc-AykKC sc-AykKF ivlMwz"
    href="/about-me"
    target="_blank"
  >
    <div
      className=" gatsby-image-wrapper"
      style={
        Object {
          "display": "inline-block",
          "height": undefined,
          "overflow": "hidden",
          "position": "relative",
          "width": undefined,
        }
      }
    >
      <img
        alt=""
        aria-hidden={true}
        src="data:image/png;base64"
        style={
          Object {
            "height": "80px",
            "left": 0,
            "objectFit": "cover",
            "objectPosition": "center",
            "opacity": 1,
            "position": "absolute",
            "top": 0,
            "transitionDelay": "500ms",
            "width": "80px",
          }
        }
      />
      <picture>
        <source
          srcSet="/static/89ee547c5db6cbf9b37a682e8b3f3f57/8b091/profile-pic.png 1x,
/static/89ee547c5db6cbf9b37a682e8b3f3f57/1e576/profile-pic.png 1.5x,
/static/89ee547c5db6cbf9b37a682e8b3f3f57/6cb10/profile-pic.png 2x"
        />
        <img
          alt=""
          loading="lazy"
          onLoad={[Function]}
          src="/static/89ee547c5db6cbf9b37a682e8b3f3f57/8b091/profile-pic.png"
          srcSet="/static/89ee547c5db6cbf9b37a682e8b3f3f57/8b091/profile-pic.png 1x,
/static/89ee547c5db6cbf9b37a682e8b3f3f57/1e576/profile-pic.png 1.5x,
/static/89ee547c5db6cbf9b37a682e8b3f3f57/6cb10/profile-pic.png 2x"
          style={
            Object {
              "height": "80px",
              "left": 0,
              "objectFit": "cover",
              "objectPosition": "center",
              "opacity": 0,
              "position": "absolute",
              "top": 0,
              "transition": "opacity 500ms",
              "width": "80px",
            }
          }
        />
      </picture>
      <noscript
        dangerouslySetInnerHTML={
          Object {
            "__html": "<picture><source srcset=\\"/static/89ee547c5db6cbf9b37a682e8b3f3f57/8b091/profile-pic.png 1x,
/static/89ee547c5db6cbf9b37a682e8b3f3f57/1e576/profile-pic.png 1.5x,
/static/89ee547c5db6cbf9b37a682e8b3f3f57/6cb10/profile-pic.png 2x\\" /><img loading=\\"lazy\\" srcset=\\"/static/89ee547c5db6cbf9b37a682e8b3f3f57/8b091/profile-pic.png 1x,
/static/89ee547c5db6cbf9b37a682e8b3f3f57/1e576/profile-pic.png 1.5x,
/static/89ee547c5db6cbf9b37a682e8b3f3f57/6cb10/profile-pic.png 2x\\" src=\\"/static/89ee547c5db6cbf9b37a682e8b3f3f57/8b091/profile-pic.png\\" alt=\\"\\" style=\\"position:absolute;top:0;left:0;opacity:1;width:100%;height:100%;object-fit:cover;object-position:center\\"/></picture>",
          }
        }
      />
    </div>
    <div
      className="sc-AykKC hQAXLw"
      display="flex"
    >
      <h3
        className="sc-AykKD sc-AykKE ejUWqZ"
        color="primary"
        fontWeight="bold"
        letterSpacing={-1}
      >
        Jeremie Rodriguez
      </h3>
      <h4
        className="sc-AykKD sc-AykKE gAWIEk"
        fontWeight="semi-bold"
      >
        Full Stack Engineer
      </h4>
    </div>
  </a>
  <nav
    className="sc-AykKC fWKbuP"
    display="flex"
  >
    <div
      className="sc-AykKC dUqoui"
      display="flex"
    >
      <a
        className="sc-AykKC sc-AykKF cDDyWc"
        href="/"
        target="_blank"
      >
        <svg
          className="sc-AykKG falauK"
          height={32}
          viewBox="0 0 24 24"
          width={32}
          xmlns="http://www.w3.org/2000/svg"
        />
        Test
      </a>
    </div>
    <div
      className="sc-AykKC dUqoui"
      display="flex"
    >
      <a
        className="sc-AykKC sc-AykKF cDDyWc"
        display="flex"
        download={true}
        fontWeight="semi-bold"
        target="_blank"
      >
        <svg
          className="sc-AykKG falauK sc-AykKG falauK"
          height={32}
          viewBox="0 0 24 24"
          width={32}
          xmlns="http://www.w3.org/2000/svg"
        >
          <path
            d="M19 9h-4V3H9v6H5l7 7 7-7zM5 18v2h14v-2H5z"
          />
          <path
            d="M0 0h24v24H0z"
            fill="none"
          />
        </svg>
        Resume
      </a>
    </div>
  </nav>
</header>
`;
