// Jest Snapshot v1, https://goo.gl/fbAQLP

exports[`components/widgets/Heading Test Suite matches snapshot 1`] = `
<h1
  className="sc-AykKC sc-AykKD dnmvVU"
>
  Heading Component
</h1>
`;
